#-----------------------------------------------------------
# xsim v2025.2 (64-bit)
# SW Build 6299465 on Fri Nov 14 12:34:56 MST 2025
# IP Build 6300035 on Fri Nov 14 10:48:45 MST 2025
# SharedData Build 6298862 on Thu Nov 13 04:50:51 MST 2025
# Start of session at: Mon Sep 14 20:51:00 2026
# Process ID         : 56915
# Current directory  : /home/jonar/rotating-disk-uvm/sim
# Command line       : xsim -mode tcl -source {xsim.dir/hello_snap/xsim_script.tcl}
# Log file           : /home/jonar/rotating-disk-uvm/sim/xsim.log
# Journal file       : /home/jonar/rotating-disk-uvm/sim/xsim.jou
# Running On         : jonart-ubuntu
# Platform           : Ubuntu
# Operating System   : Ubuntu 26.04.1 LTS
# Processor Detail   : Intel(R) Core(TM) Ultra 7 155H
# CPU Frequency      : 4098.584 MHz
# CPU Physical cores : 16
# CPU Logical cores  : 22
# Host memory        : 15552 MB
# Swap memory        : 4294 MB
# Total Virtual      : 19847 MB
# Available Virtual  : 8011 MB
#-----------------------------------------------------------
source xsim.dir/hello_snap/xsim_script.tcl
# xsim {hello_snap} -testplusarg UVM_TESTNAME=hello_test -autoloadwcfg -runall
Time resolution is 1 ps
run -all
UVM_INFO /home/jonar/Vivado/2025.2/Vivado/data/system_verilog/uvm_1.2/xlnx_uvm_package.sv(18601) @ 0: reporter [UVM/RELNOTES] 
----------------------------------------------------------------
UVM-1.2
(C) 2007-2014 Mentor Graphics Corporation
(C) 2007-2014 Cadence Design Systems, Inc.
(C) 2006-2014 Synopsys, Inc.
(C) 2011-2013 Cypress Semiconductor Corp.
(C) 2013-2014 NVIDIA Corporation
----------------------------------------------------------------

  ***********       IMPORTANT RELEASE NOTES         ************

  You are using a version of the UVM library that has been compiled
  with `UVM_NO_DEPRECATED undefined.

  You are using a version of the UVM library that has been compiled
  with `UVM_OBJECT_DO_NOT_NEED_CONSTRUCTOR undefined.

      (Specify +UVM_NO_RELNOTES to turn off this notice)

UVM_INFO /home/jonar/Vivado/2025.2/Vivado/data/system_verilog/uvm_1.2/xlnx_uvm_package.sv(18648) @ 0: reporter [NO_DPI_TSTNAME] UVM_NO_DPI defined--getting UVM_TESTNAME directly, without DPI
UVM_INFO @ 0: reporter [RNTST] Running test hello_test...
UVM_INFO /home/jonar/Vivado/2025.2/Vivado/data/system_verilog/uvm_1.2/xlnx_uvm_package.sv(20867) @ 0: reporter [UVM/COMP/NAMECHECK] This implementation of the component name checks requires DPI to be enabled
UVM_INFO /home/jonar/rotating-disk-uvm/tb/top/tb_hello.sv(16) @ 0: uvm_test_top [HELLO] UVM is alive on XSim
UVM_INFO /home/jonar/Vivado/2025.2/Vivado/data/system_verilog/uvm_1.2/xlnx_uvm_package.sv(19968) @ 100000: reporter [TEST_DONE] 'run' phase is ready to proceed to the 'extract' phase
UVM_INFO /home/jonar/Vivado/2025.2/Vivado/data/system_verilog/uvm_1.2/xlnx_uvm_package.sv(13673) @ 100000: reporter [UVM/REPORT/SERVER] 
--- UVM Report Summary ---

** Report counts by severity
UVM_INFO :    6
UVM_WARNING :    0
UVM_ERROR :    0
UVM_FATAL :    0
** Report counts by id
[HELLO]     1
[NO_DPI_TSTNAME]     1
[RNTST]     1
[TEST_DONE]     1
[UVM/COMP/NAMECHECK]     1
[UVM/RELNOTES]     1

$finish called at time : 100 ns : File "/home/jonar/Vivado/2025.2/Vivado/data/system_verilog/uvm_1.2/xlnx_uvm_package.sv" Line 18699
exit
INFO: xsimkernel Simulation Memory Usage: 293236 KB (Peak: 345700 KB), Simulation CPU Usage: 790 ms
INFO: [Common 17-206] Exiting xsim at Mon Sep 14 20:51:03 2026...
